[     114ms] [LOG] [Fast Refresh] rebuilding @ http://localhost:3000/_next/static/chunks/12ox_next_dist_0u5rn~.._.js:2431
[     248ms] [LOG] [Fast Refresh] done in 238ms @ http://localhost:3000/_next/static/chunks/12ox_next_dist_0u5rn~.._.js:2431
[     317ms] [INFO] %cDownload the React DevTools for a better development experience: https://react.dev/link/react-devtools font-weight:bold @ http://localhost:3000/_next/static/chunks/12ox_next_dist_0u5rn~.._.js:2431
[     339ms] [LOG] [HMR] connected @ http://localhost:3000/_next/static/chunks/12ox_next_dist_0u5rn~.._.js:2431
[     622ms] [ERROR] Failed to load resource: the server responded with a status of 502 (Bad Gateway) @ http://localhost:3000/api/energy/consumption?mgmBldrgstPk=120314765&year=2025&numOfRows=36:0
[     625ms] [ERROR] Failed to load resource: the server responded with a status of 502 (Bad Gateway) @ http://localhost:3000/api/energy/consumption?mgmBldrgstPk=120314765&year=2024&numOfRows=36:0
[     629ms] [ERROR] Failed to load resource: the server responded with a status of 500 (Internal Server Error) @ http://localhost:3000/api/vworld/footprint?address=%EC%A0%84%EB%9D%BC%EB%82%A8%EB%8F%84%20%EB%AA%A9%ED%8F%AC%EC%8B%9C%20%EC%9A%A9%EB%8B%B9%EB%A1%9C%20102-1%20(%EC%9A%A9%EB%8B%B9%EB%8F%99):0
[     638ms] [ERROR] Failed to load resource: the server responded with a status of 502 (Bad Gateway) @ http://localhost:3000/api/energy/consumption?mgmBldrgstPk=120314765&year=2023&numOfRows=36:0
[     676ms] [WARNING] THREE.THREE.Clock: This module has been deprecated. Please use THREE.Timer instead. @ http://localhost:3000/_next/static/chunks/12ox_next_dist_0u5rn~.._.js:2431
[   30631ms] [LOG] [Fast Refresh] rebuilding @ http://localhost:3000/_next/static/chunks/12ox_next_dist_0u5rn~.._.js:2431
[   30982ms] [LOG] [Fast Refresh] done in 482ms @ http://localhost:3000/_next/static/chunks/12ox_next_dist_0u5rn~.._.js:2431
[   62757ms] [LOG] [Fast Refresh] rebuilding @ http://localhost:3000/_next/static/chunks/12ox_next_dist_0u5rn~.._.js:2431
[   63395ms] [LOG] [Fast Refresh] done in 738ms @ http://localhost:3000/_next/static/chunks/12ox_next_dist_0u5rn~.._.js:2431
[   66805ms] [LOG] [Fast Refresh] rebuilding @ http://localhost:3000/_next/static/chunks/12ox_next_dist_0u5rn~.._.js:2431
[   67249ms] [LOG] [Fast Refresh] done in 545ms @ http://localhost:3000/_next/static/chunks/12ox_next_dist_0u5rn~.._.js:2431
[  118849ms] [LOG] THREE.WebGLRenderer: Context Lost. @ http://localhost:3000/_next/static/chunks/12ox_next_dist_0u5rn~.._.js:2431
[  119467ms] [LOG] [Fast Refresh] rebuilding @ http://localhost:3000/_next/static/chunks/12ox_next_dist_0u5rn~.._.js:2431
[  119962ms] [LOG] [Fast Refresh] done in 595ms @ http://localhost:3000/_next/static/chunks/12ox_next_dist_0u5rn~.._.js:2431
[  121080ms] [WARNING] THREE.THREE.Clock: This module has been deprecated. Please use THREE.Timer instead. @ http://localhost:3000/_next/static/chunks/12ox_next_dist_0u5rn~.._.js:2431
[  149818ms] [LOG] [Fast Refresh] rebuilding @ http://localhost:3000/_next/static/chunks/12ox_next_dist_0u5rn~.._.js:2431
[  150181ms] [LOG] [Fast Refresh] done in 464ms @ http://localhost:3000/_next/static/chunks/12ox_next_dist_0u5rn~.._.js:2431
