[     306ms] [ERROR] A tree hydrated but some attributes of the server rendered HTML didn't match the client properties. This won't be patched up. This can happen if a SSR-ed Client Component used:

- A server/client branch `if (typeof window !== 'undefined')`.
- Variable input such as `Date.now()` or `Math.random()` which changes each time it's called.
- Date formatting in a user's locale which doesn't match the server.
- External changing data without sending a snapshot of it along with the HTML.
- Invalid HTML tag nesting.

It can also happen if the client has a browser extension installed which messes with the HTML before React loaded.

%s%s https://react.dev/link/hydration-mismatch 

  ...
    <RootLayout>
      <html lang="ko" className="geist_a715..." suppressHydrationWarning={true}>
        ...
          <QueryClientProvider client={{}}>
            <J attribute="class" defaultTheme="system" enableSystem={true}>
              <V attribute="class" defaultTheme="system" enableSystem={true}>
                <script>
                <Header>
                  <header className="sticky top...">
                    <div className="mx-auto fl...">
                      <div>
                      <div className="flex items...">
                        <Button>
                        <Button variant="ghost" size="icon" onClick={function toggleTheme} title="Light mode">
                          <button
                            data-slot="button"
                            data-variant="ghost"
                            data-size="icon"
                            className={"inline-flex shrink-0 items-center justify-center gap-2 rounded-md text-sm fon..."}
                            onClick={function toggleTheme}
+                           title="Light mode"
-                           title="Dark mode"
                          >
                        ...
                ...
                ...
 @ http://localhost:3000/_next/static/chunks/0z_g_next_dist_0v7z86-._.js:3272
[   13091ms] [ERROR] A tree hydrated but some attributes of the server rendered HTML didn't match the client properties. This won't be patched up. This can happen if a SSR-ed Client Component used:

- A server/client branch `if (typeof window !== 'undefined')`.
- Variable input such as `Date.now()` or `Math.random()` which changes each time it's called.
- Date formatting in a user's locale which doesn't match the server.
- External changing data without sending a snapshot of it along with the HTML.
- Invalid HTML tag nesting.

It can also happen if the client has a browser extension installed which messes with the HTML before React loaded.

%s%s https://react.dev/link/hydration-mismatch 

  ...
    <RootLayout>
      <html lang="ko" className="geist_a715..." suppressHydrationWarning={true}>
        ...
          <QueryClientProvider client={{}}>
            <J attribute="class" defaultTheme="system" enableSystem={true}>
              <V attribute="class" defaultTheme="system" enableSystem={true}>
                <script>
                <Header>
                  <header className="sticky top...">
                    <div className="mx-auto fl...">
                      <div>
                      <div className="flex items...">
                        <Button>
                        <Button variant="ghost" size="icon" onClick={function toggleTheme} title="Light mode">
                          <button
                            data-slot="button"
                            data-variant="ghost"
                            data-size="icon"
                            className={"inline-flex shrink-0 items-center justify-center gap-2 rounded-md text-sm fon..."}
                            onClick={function toggleTheme}
+                           title="Light mode"
-                           title="Dark mode"
                          >
                        ...
                ...
                ...
 @ http://localhost:3000/_next/static/chunks/0z_g_next_dist_0v7z86-._.js:3272
[   26788ms] [WARNING] THREE.THREE.Clock: This module has been deprecated. Please use THREE.Timer instead. @ http://localhost:3000/_next/static/chunks/0z_g_next_dist_0v7z86-._.js:2431
[   27143ms] [WARNING] THREE.WebGLShadowMap: PCFSoftShadowMap has been deprecated. Using PCFShadowMap instead. @ http://localhost:3000/_next/static/chunks/0z_g_next_dist_0v7z86-._.js:2431
[   55832ms] [WARNING] THREE.WebGLShadowMap: PCFSoftShadowMap has been deprecated. Using PCFShadowMap instead. @ http://localhost:3000/_next/static/chunks/0z_g_next_dist_0v7z86-._.js:2431
[   56018ms] [WARNING] THREE.WebGLShadowMap: PCFSoftShadowMap has been deprecated. Using PCFShadowMap instead. @ http://localhost:3000/_next/static/chunks/0z_g_next_dist_0v7z86-._.js:2431
[   56583ms] [WARNING] THREE.WebGLShadowMap: PCFSoftShadowMap has been deprecated. Using PCFShadowMap instead. @ http://localhost:3000/_next/static/chunks/0z_g_next_dist_0v7z86-._.js:2431
[   58270ms] [WARNING] THREE.WebGLShadowMap: PCFSoftShadowMap has been deprecated. Using PCFShadowMap instead. @ http://localhost:3000/_next/static/chunks/0z_g_next_dist_0v7z86-._.js:2431
[   59300ms] [WARNING] THREE.WebGLShadowMap: PCFSoftShadowMap has been deprecated. Using PCFShadowMap instead. @ http://localhost:3000/_next/static/chunks/0z_g_next_dist_0v7z86-._.js:2431
[   59695ms] [WARNING] THREE.WebGLShadowMap: PCFSoftShadowMap has been deprecated. Using PCFShadowMap instead. @ http://localhost:3000/_next/static/chunks/0z_g_next_dist_0v7z86-._.js:2431
[   60264ms] [WARNING] THREE.WebGLShadowMap: PCFSoftShadowMap has been deprecated. Using PCFShadowMap instead. @ http://localhost:3000/_next/static/chunks/0z_g_next_dist_0v7z86-._.js:2431
[   82484ms] [ERROR] A tree hydrated but some attributes of the server rendered HTML didn't match the client properties. This won't be patched up. This can happen if a SSR-ed Client Component used:

- A server/client branch `if (typeof window !== 'undefined')`.
- Variable input such as `Date.now()` or `Math.random()` which changes each time it's called.
- Date formatting in a user's locale which doesn't match the server.
- External changing data without sending a snapshot of it along with the HTML.
- Invalid HTML tag nesting.

It can also happen if the client has a browser extension installed which messes with the HTML before React loaded.

%s%s https://react.dev/link/hydration-mismatch 

  ...
    <RootLayout>
      <html lang="ko" className="geist_a715..." suppressHydrationWarning={true}>
        ...
          <QueryClientProvider client={{}}>
            <J attribute="class" defaultTheme="system" enableSystem={true}>
              <V attribute="class" defaultTheme="system" enableSystem={true}>
                <script>
                <Header>
                  <header className="sticky top...">
                    <div className="mx-auto fl...">
                      <div>
                      <div className="flex items...">
                        <Button>
                        <Button variant="ghost" size="icon" onClick={function toggleTheme} title="Light mode">
                          <button
                            data-slot="button"
                            data-variant="ghost"
                            data-size="icon"
                            className={"inline-flex shrink-0 items-center justify-center gap-2 rounded-md text-sm fon..."}
                            onClick={function toggleTheme}
+                           title="Light mode"
-                           title="Dark mode"
                          >
                        ...
                ...
                ...
 @ http://localhost:3000/_next/static/chunks/0z_g_next_dist_0v7z86-._.js:3272
[   95484ms] [WARNING] THREE.THREE.Clock: This module has been deprecated. Please use THREE.Timer instead. @ http://localhost:3000/_next/static/chunks/0z_g_next_dist_0v7z86-._.js:2431
[   95537ms] [ERROR] Encountered two children with the same key, `%s`. Keys should be unique so that components maintain their identity across updates. Non-unique keys may cause children to be duplicated and/or omitted — the behavior is unsupported and could change in a future version. 1-1층-소매점 @ http://localhost:3000/_next/static/chunks/0z_g_next_dist_0v7z86-._.js:3272
[   95607ms] [ERROR] Encountered two children with the same key, `%s`. Keys should be unique so that components maintain their identity across updates. Non-unique keys may cause children to be duplicated and/or omitted — the behavior is unsupported and could change in a future version. 1-1층-소매점 @ http://localhost:3000/_next/static/chunks/0z_g_next_dist_0v7z86-._.js:3272
[   95849ms] [WARNING] THREE.WebGLShadowMap: PCFSoftShadowMap has been deprecated. Using PCFShadowMap instead. @ http://localhost:3000/_next/static/chunks/0z_g_next_dist_0v7z86-._.js:2431
[   95910ms] [ERROR] Encountered two children with the same key, `%s`. Keys should be unique so that components maintain their identity across updates. Non-unique keys may cause children to be duplicated and/or omitted — the behavior is unsupported and could change in a future version. 1-1층-소매점 @ http://localhost:3000/_next/static/chunks/0z_g_next_dist_0v7z86-._.js:3272
[   96442ms] [ERROR] Encountered two children with the same key, `%s`. Keys should be unique so that components maintain their identity across updates. Non-unique keys may cause children to be duplicated and/or omitted — the behavior is unsupported and could change in a future version. 1-1층-소매점 @ http://localhost:3000/_next/static/chunks/0z_g_next_dist_0v7z86-._.js:3272
[   96539ms] [ERROR] Encountered two children with the same key, `%s`. Keys should be unique so that components maintain their identity across updates. Non-unique keys may cause children to be duplicated and/or omitted — the behavior is unsupported and could change in a future version. 1-1층-소매점 @ http://localhost:3000/_next/static/chunks/0z_g_next_dist_0v7z86-._.js:3272
[   98584ms] [ERROR] A tree hydrated but some attributes of the server rendered HTML didn't match the client properties. This won't be patched up. This can happen if a SSR-ed Client Component used:

- A server/client branch `if (typeof window !== 'undefined')`.
- Variable input such as `Date.now()` or `Math.random()` which changes each time it's called.
- Date formatting in a user's locale which doesn't match the server.
- External changing data without sending a snapshot of it along with the HTML.
- Invalid HTML tag nesting.

It can also happen if the client has a browser extension installed which messes with the HTML before React loaded.

%s%s https://react.dev/link/hydration-mismatch 

  ...
    <RootLayout>
      <html lang="ko" className="geist_a715..." suppressHydrationWarning={true}>
        ...
          <QueryClientProvider client={{}}>
            <J attribute="class" defaultTheme="system" enableSystem={true}>
              <V attribute="class" defaultTheme="system" enableSystem={true}>
                <script>
                <Header>
                  <header className="sticky top...">
                    <div className="mx-auto fl...">
                      <div>
                      <div className="flex items...">
                        <Button>
                        <Button variant="ghost" size="icon" onClick={function toggleTheme} title="Light mode">
                          <button
                            data-slot="button"
                            data-variant="ghost"
                            data-size="icon"
                            className={"inline-flex shrink-0 items-center justify-center gap-2 rounded-md text-sm fon..."}
                            onClick={function toggleTheme}
+                           title="Light mode"
-                           title="Dark mode"
                          >
                        ...
                ...
                ...
 @ http://localhost:3000/_next/static/chunks/0z_g_next_dist_0v7z86-._.js:3272
[  114999ms] [WARNING] THREE.THREE.Clock: This module has been deprecated. Please use THREE.Timer instead. @ http://localhost:3000/_next/static/chunks/0z_g_next_dist_0v7z86-._.js:2431
[  115327ms] [WARNING] THREE.WebGLShadowMap: PCFSoftShadowMap has been deprecated. Using PCFShadowMap instead. @ http://localhost:3000/_next/static/chunks/0z_g_next_dist_0v7z86-._.js:2431
[  115994ms] [WARNING] THREE.WebGLShadowMap: PCFSoftShadowMap has been deprecated. Using PCFShadowMap instead. @ http://localhost:3000/_next/static/chunks/0z_g_next_dist_0v7z86-._.js:2431
[  116000ms] [ERROR] Encountered two children with the same key, `%s`. Keys should be unique so that components maintain their identity across updates. Non-unique keys may cause children to be duplicated and/or omitted — the behavior is unsupported and could change in a future version. 1-1층-단독주택 @ http://localhost:3000/_next/static/chunks/0z_g_next_dist_0v7z86-._.js:3272
[  116000ms] [ERROR] Encountered two children with the same key, `%s`. Keys should be unique so that components maintain their identity across updates. Non-unique keys may cause children to be duplicated and/or omitted — the behavior is unsupported and could change in a future version. 1-1층-단독주택 @ http://localhost:3000/_next/static/chunks/0z_g_next_dist_0v7z86-._.js:3272
[  116001ms] [ERROR] Encountered two children with the same key, `%s`. Keys should be unique so that components maintain their identity across updates. Non-unique keys may cause children to be duplicated and/or omitted — the behavior is unsupported and could change in a future version. 1-1층-단독주택 @ http://localhost:3000/_next/static/chunks/0z_g_next_dist_0v7z86-._.js:3272
[  116001ms] [ERROR] Encountered two children with the same key, `%s`. Keys should be unique so that components maintain their identity across updates. Non-unique keys may cause children to be duplicated and/or omitted — the behavior is unsupported and could change in a future version. 1-1층-단독주택 @ http://localhost:3000/_next/static/chunks/0z_g_next_dist_0v7z86-._.js:3272
[  116154ms] [ERROR] Encountered two children with the same key, `%s`. Keys should be unique so that components maintain their identity across updates. Non-unique keys may cause children to be duplicated and/or omitted — the behavior is unsupported and could change in a future version. 1-1층-단독주택 @ http://localhost:3000/_next/static/chunks/0z_g_next_dist_0v7z86-._.js:3272
[  116154ms] [ERROR] Encountered two children with the same key, `%s`. Keys should be unique so that components maintain their identity across updates. Non-unique keys may cause children to be duplicated and/or omitted — the behavior is unsupported and could change in a future version. 1-1층-단독주택 @ http://localhost:3000/_next/static/chunks/0z_g_next_dist_0v7z86-._.js:3272
[  116154ms] [ERROR] Encountered two children with the same key, `%s`. Keys should be unique so that components maintain their identity across updates. Non-unique keys may cause children to be duplicated and/or omitted — the behavior is unsupported and could change in a future version. 1-1층-단독주택 @ http://localhost:3000/_next/static/chunks/0z_g_next_dist_0v7z86-._.js:3272
[  116155ms] [ERROR] Encountered two children with the same key, `%s`. Keys should be unique so that components maintain their identity across updates. Non-unique keys may cause children to be duplicated and/or omitted — the behavior is unsupported and could change in a future version. 1-1층-단독주택 @ http://localhost:3000/_next/static/chunks/0z_g_next_dist_0v7z86-._.js:3272
[  118160ms] [ERROR] Encountered two children with the same key, `%s`. Keys should be unique so that components maintain their identity across updates. Non-unique keys may cause children to be duplicated and/or omitted — the behavior is unsupported and could change in a future version. 1-1층-단독주택 @ http://localhost:3000/_next/static/chunks/0z_g_next_dist_0v7z86-._.js:3272
[  118161ms] [ERROR] Encountered two children with the same key, `%s`. Keys should be unique so that components maintain their identity across updates. Non-unique keys may cause children to be duplicated and/or omitted — the behavior is unsupported and could change in a future version. 1-1층-단독주택 @ http://localhost:3000/_next/static/chunks/0z_g_next_dist_0v7z86-._.js:3272
[  118161ms] [ERROR] Encountered two children with the same key, `%s`. Keys should be unique so that components maintain their identity across updates. Non-unique keys may cause children to be duplicated and/or omitted — the behavior is unsupported and could change in a future version. 1-1층-단독주택 @ http://localhost:3000/_next/static/chunks/0z_g_next_dist_0v7z86-._.js:3272
[  118161ms] [ERROR] Encountered two children with the same key, `%s`. Keys should be unique so that components maintain their identity across updates. Non-unique keys may cause children to be duplicated and/or omitted — the behavior is unsupported and could change in a future version. 1-1층-단독주택 @ http://localhost:3000/_next/static/chunks/0z_g_next_dist_0v7z86-._.js:3272
[  121086ms] [WARNING] THREE.WebGLShadowMap: PCFSoftShadowMap has been deprecated. Using PCFShadowMap instead. @ http://localhost:3000/_next/static/chunks/0z_g_next_dist_0v7z86-._.js:2431
[  121090ms] [ERROR] Encountered two children with the same key, `%s`. Keys should be unique so that components maintain their identity across updates. Non-unique keys may cause children to be duplicated and/or omitted — the behavior is unsupported and could change in a future version. 1-1층-단독주택 @ http://localhost:3000/_next/static/chunks/0z_g_next_dist_0v7z86-._.js:3272
[  121091ms] [ERROR] Encountered two children with the same key, `%s`. Keys should be unique so that components maintain their identity across updates. Non-unique keys may cause children to be duplicated and/or omitted — the behavior is unsupported and could change in a future version. 1-1층-단독주택 @ http://localhost:3000/_next/static/chunks/0z_g_next_dist_0v7z86-._.js:3272
[  121091ms] [ERROR] Encountered two children with the same key, `%s`. Keys should be unique so that components maintain their identity across updates. Non-unique keys may cause children to be duplicated and/or omitted — the behavior is unsupported and could change in a future version. 1-1층-단독주택 @ http://localhost:3000/_next/static/chunks/0z_g_next_dist_0v7z86-._.js:3272
[  121091ms] [ERROR] Encountered two children with the same key, `%s`. Keys should be unique so that components maintain their identity across updates. Non-unique keys may cause children to be duplicated and/or omitted — the behavior is unsupported and could change in a future version. 1-1층-단독주택 @ http://localhost:3000/_next/static/chunks/0z_g_next_dist_0v7z86-._.js:3272
[  122939ms] [ERROR] Encountered two children with the same key, `%s`. Keys should be unique so that components maintain their identity across updates. Non-unique keys may cause children to be duplicated and/or omitted — the behavior is unsupported and could change in a future version. 1-1층-단독주택 @ http://localhost:3000/_next/static/chunks/0z_g_next_dist_0v7z86-._.js:3272
[  122939ms] [ERROR] Encountered two children with the same key, `%s`. Keys should be unique so that components maintain their identity across updates. Non-unique keys may cause children to be duplicated and/or omitted — the behavior is unsupported and could change in a future version. 1-1층-단독주택 @ http://localhost:3000/_next/static/chunks/0z_g_next_dist_0v7z86-._.js:3272
[  122939ms] [ERROR] Encountered two children with the same key, `%s`. Keys should be unique so that components maintain their identity across updates. Non-unique keys may cause children to be duplicated and/or omitted — the behavior is unsupported and could change in a future version. 1-1층-단독주택 @ http://localhost:3000/_next/static/chunks/0z_g_next_dist_0v7z86-._.js:3272
[  122940ms] [ERROR] Encountered two children with the same key, `%s`. Keys should be unique so that components maintain their identity across updates. Non-unique keys may cause children to be duplicated and/or omitted — the behavior is unsupported and could change in a future version. 1-1층-단독주택 @ http://localhost:3000/_next/static/chunks/0z_g_next_dist_0v7z86-._.js:3272
[  124197ms] [ERROR] Encountered two children with the same key, `%s`. Keys should be unique so that components maintain their identity across updates. Non-unique keys may cause children to be duplicated and/or omitted — the behavior is unsupported and could change in a future version. 1-1층-단독주택 @ http://localhost:3000/_next/static/chunks/0z_g_next_dist_0v7z86-._.js:3272
[  124197ms] [ERROR] Encountered two children with the same key, `%s`. Keys should be unique so that components maintain their identity across updates. Non-unique keys may cause children to be duplicated and/or omitted — the behavior is unsupported and could change in a future version. 1-1층-단독주택 @ http://localhost:3000/_next/static/chunks/0z_g_next_dist_0v7z86-._.js:3272
[  124197ms] [ERROR] Encountered two children with the same key, `%s`. Keys should be unique so that components maintain their identity across updates. Non-unique keys may cause children to be duplicated and/or omitted — the behavior is unsupported and could change in a future version. 1-1층-단독주택 @ http://localhost:3000/_next/static/chunks/0z_g_next_dist_0v7z86-._.js:3272
[  124197ms] [ERROR] Encountered two children with the same key, `%s`. Keys should be unique so that components maintain their identity across updates. Non-unique keys may cause children to be duplicated and/or omitted — the behavior is unsupported and could change in a future version. 1-1층-단독주택 @ http://localhost:3000/_next/static/chunks/0z_g_next_dist_0v7z86-._.js:3272
[  125050ms] [ERROR] Encountered two children with the same key, `%s`. Keys should be unique so that components maintain their identity across updates. Non-unique keys may cause children to be duplicated and/or omitted — the behavior is unsupported and could change in a future version. 1-1층-단독주택 @ http://localhost:3000/_next/static/chunks/0z_g_next_dist_0v7z86-._.js:3272
[  125050ms] [ERROR] Encountered two children with the same key, `%s`. Keys should be unique so that components maintain their identity across updates. Non-unique keys may cause children to be duplicated and/or omitted — the behavior is unsupported and could change in a future version. 1-1층-단독주택 @ http://localhost:3000/_next/static/chunks/0z_g_next_dist_0v7z86-._.js:3272
[  125051ms] [ERROR] Encountered two children with the same key, `%s`. Keys should be unique so that components maintain their identity across updates. Non-unique keys may cause children to be duplicated and/or omitted — the behavior is unsupported and could change in a future version. 1-1층-단독주택 @ http://localhost:3000/_next/static/chunks/0z_g_next_dist_0v7z86-._.js:3272
[  125051ms] [ERROR] Encountered two children with the same key, `%s`. Keys should be unique so that components maintain their identity across updates. Non-unique keys may cause children to be duplicated and/or omitted — the behavior is unsupported and could change in a future version. 1-1층-단독주택 @ http://localhost:3000/_next/static/chunks/0z_g_next_dist_0v7z86-._.js:3272
